// Jest Snapshot v1, https://goo.gl/fbAQLP

<<<<<<< HEAD
exports[`Driver Registration  Should render only the driver form 1`] = `
=======
exports[`Registration Operators Should render the driver form 1`] = `
<div
  className="flex flex-row h-full w-full items-center justify-center"
>
  <h1
    className="text-3xl font-bold"
  >
    The operators page
  </h1>
</div>
`;

exports[`Registration Operators Should render the operator form 1`] = `
>>>>>>> 145feb2 (Register Driver and Operator created)
<h1
  className="text-black"
>
  Drivers
</h1>
`;
