// Jest Snapshot v1, https://goo.gl/fbAQLP

exports[`DashboardRoutes should render the DashboardRoutes component 1`] = `")"`;
