// Jest Snapshot v1, https://goo.gl/fbAQLP

exports[`Dashboard route testing Should render the dashboard routes 1`] = `null`;
