// Jest Snapshot v1, https://goo.gl/fbAQLP

exports[`Burger should render Burger 1`] = `
<div>
  <div
    className="h-1 w-7 bg-primary mt-1"
  />
  <div
    className="h-1 w-7 bg-primary mt-1"
  />
  <div
    className="h-1 w-7 bg-primary mt-1"
  />
</div>
`;
